// Jest Snapshot v1, https://goo.gl/fbAQLP

exports[`Spinner Component matches snapshot 1`] = `
<div>
  <div
    class="flex items-center justify-center p-8"
  >
    <div
      class="h-16 w-16 animate-spin rounded-full border-b-2 border-blue"
    />
  </div>
</div>
`;
